// Jest Snapshot v1, https://goo.gl/fbAQLP

exports[`Finance List renders correctly 1`] = `
<div>
  <div>
    <button
      className="more"
      type="button"
    >
      view more
    </button>
    <div
      className="details"
    >
      <p>
        symbol
      </p>
      <span>
        name
      </span>
    </div>
  </div>
</div>
`;
